main.c:154:5:main	8	static
main.c:206:6:SystemClock_Config	112	static
main.c:259:13:MX_I2C1_Init	8	static
main.c:293:13:MX_I2S2_Init	8	static
main.c:327:13:MX_I2S3_Init	8	static
main.c:361:13:MX_SPI1_Init	8	static
main.c:399:13:MX_TIM1_Init	40	static
main.c:445:13:MX_GPIO_Init	56	static
main.c:517:6:HAL_TIM_PeriodElapsedCallback	16	static
main.c:539:6:bootloader_uart_read_data	4	static
main.c:622:6:userApplication	24	static,ignoring_inline_asm
main.c:644:10:crcCalculation	24	static
main.c:667:9:word_to_bytes	16	static
main.c:672:10:bytes_to_word	16	static
main.c:676:9:execute_mem_write	40	static
main.c:693:9:execute_flash_erase	48	static
main.c:738:10:calculateAuthenticationKEY	24	static
main.c:744:9:bootloader_verify_crc	40	static
main.c:764:6:printmsg	4	static
main.c:782:6:Error_Handler	4	static
